// Jest Snapshot v1, https://goo.gl/fbAQLP

exports[`Pruebas en <FirstApp /> debe de hacer match con el snpshot 1`] = `
<div>
  <h1
    data-testid="test-title"
  >
    Hola mundo
  </h1>
  <p>
    No hay subtitulo
  </p>
  <p>
    No hay subtitulo
  </p>
  <p>
    Mauricio Covarrubias
  </p>
</div>
`;
